[dwebs.io/index.html]
[backblue.gif]
[fade.gif]
[index.html]
[dwebs.io/assets/css/socicon.css]
[dwebs.io/assets/css/entypo.css]
[dwebs.io/assets/css/theme.css]
[dwebs.io/index-2.html]
[dwebs.io/assets/img/logo-dark-gray.png]
[dwebs.io/getting-started.html]
[dwebs.io/web2-vs-web3.html]
[dwebs.io/introducing-dsites.html]
[dwebs.io/dweb-plus-blockchains.html]
[dwebs.io/dweb-core.html]
[dwebs.io/ddns.html]
[dwebs.io/dpack.html]
[dwebs.io/ddatabase.html]
[dwebs.io/ddrives.html]
[dwebs.io/dwdht.html]
[dwebs.io/flockcore.html]
[dwebs.io/assets/img/freedom-header.png]
[dwebs.io/assets/img/freedom-header-mobile.png]
[dwebs.io/assets/img/no-hosting.png]
[dwebs.io/how-websites-are-distributed.html]
[dwebs.io/assets/img/no-censorship.png]
[dwebs.io/illegal-content.html]
[dwebs.io/who-controls-the-dweb.html]
[dwebs.io/assets/img/no-downtime.png]
[dwebs.io/longevity.html]
[dwebs.io/assets/img/graphic-bg-clouds-2.png]
[dwebs.io/assets/img/jared.jpg]
[dwebs.io/assets/img/dbrowser.png]
[dwebs.io/assets/img/dpack.png]
[dwebs.io/assets/img/dpay.png]
[dwebs.io/assets/img/arisen.png]
[dwebs.io/assets/img/dmemo.png]
[dwebs.io/assets/img/dvideo.png]
[dwebs.io/assets/img/dsocial.png]
[dwebs.io/assets/img/dwiki.png]
[dwebs.io/assets/img/ddatabase.png]
[dwebs.io/assets/img/ddrives.png]
[dwebs.io/assets/img/dsite.png]
[dwebs.io/assets/img/dstatus.png]
[dwebs.io/assets/img/dseek.png]
[dwebs.io/assets/img/dpix.png]
[dwebs.io/assets/img/dpress.png]
[dwebs.io/assets/img/dtunes.png]
[dwebs.io/assets/img/ddns.png]
[dwebs.io/assets/img/avote.png]
[dwebs.io/assets/img/dnames.png]
[dwebs.io/assets/img/aexchange.png]
[dwebs.io/assets/img/jared.png]
[dwebs.io/assets/js/jquery.min.js]
[dwebs.io/assets/js/popper.min.js]
[dwebs.io/assets/js/jquery.smartWizard.min.js]
[dwebs.io/assets/js/flickity.pkgd.min.js]
[dwebs.io/assets/js/scrollMonitor.js]
[dwebs.io/assets/js/smooth-scroll.polyfills.js]
[dwebs.io/assets/js/prism.js]
[dwebs.io/assets/js/zoom.min.js]
[dwebs.io/assets/js/bootstrap.js]
[dwebs.io/assets/js/theme.js]
[dwebs.io/index.html]
[dwebs.io/assets/fonts/socicon21b8.eot]
[dwebs.io/assets/fonts/socicon21b8.ttf]
[dwebs.io/assets/fonts/socicon21b8.woff]
[dwebs.io/assets/css/socicon.css]
[dwebs.io/assets/fonts/entypofa54.eot]
[dwebs.io/assets/fonts/entypofa54.woff]
[dwebs.io/assets/fonts/entypofa54.ttf]
[dwebs.io/assets/css/entypo.css]
[dwebs.io/assets/css/theme.css]
[dwebs.io/index-2.html]
[dwebs.io/assets/img/dweb-mascot.png]
[dwebs.io/assets/img/dbrowser-mascot.png]
[dwebs.io/assets/img/ddns-mascot.png]
[dwebs.io/getting-started.html]
[dwebs.io/web2-vs-web3.html]
[dwebs.io/static-dsites.html]
[dwebs.io/assets/img/static-dsite.png]
[dwebs.io/assets/img/dcms.png]
[dwebs.io/assets/img/dsitedb.png]
[dwebs.io/introducing-dsites.html]
[dwebs.io/dweb-plus-blockchains.html]
[dwebs.io/assets/img/dweb-core.png]
[dwebs.io/assets/img/flockcore.png]
[dwebs.io/assets/img/dpack-core.png]
[dwebs.io/assets/img/ddns-core.png]
[dwebs.io/assets/img/ddrive-core.png]
[dwebs.io/assets/img/ddatabase-core.png]
[dwebs.io/dweb-core.html]
[dwebs.io/ddns.html]
[dwebs.io/dpack.html]
[dwebs.io/ddatabase.html]
[dwebs.io/ddrives.html]
[dwebs.io/dwdht.html]
[dwebs.io/flockcore.html]
[dwebs.io/how-websites-are-distributed.html]
[dwebs.io/illegal-content.html]
[dwebs.io/who-controls-the-dweb.html]
[dwebs.io/longevity.html]
[dwebs.io/assets/img/logo-white.svg]
[dwebs.io/distdns.html]
[dwebs.io/assets/fonts/socicon21b8.svg]
[dwebs.io/assets/fonts/entypofa54.html]
[dwebs.io/assets/fonts/entypofa54.svg]
[dwebs.io/assets/img/graphic-golden-gate-bridge.svg]
[dwebs.io/assets/img/dsites.svg]
[dwebs.io/static-dsites.html]
[dwebs.io/assets/img/logo-dark-gray.svg]
[dwebs.io/assets/img/graphic-woman-writing.svg]
